// Jest Snapshot v1, https://goo.gl/fbAQLP

exports[`CategoryPicker renders correctly 1`] = `
<section>
  <h1
    className="title"
  >
    Pick category
  </h1>
  <div
    className="module category-picker"
  >
    <Button
      className="btn btn--tertiary btn--sm btn--tertiary-active"
      key="Animals"
      onClick={[Function]}
    >
      Animals
    </Button>
    <Button
      className="btn btn--tertiary btn--sm "
      key="Transportation"
      onClick={[Function]}
    >
      Transportation
    </Button>
    <Button
      className="btn btn--tertiary btn--sm "
      key="Nature"
      onClick={[Function]}
    >
      Nature
    </Button>
    <Button
      className="btn btn--tertiary btn--sm "
      key="Sport"
      onClick={[Function]}
    >
      Sport
    </Button>
  </div>
</section>
`;
