// Jest Snapshot v1, https://goo.gl/fbAQLP

exports[`Pagination renders correctly 1`] = `
<div
  className="module"
>
  <a
    activePage={1}
    firstPageText="«"
    innerClass="pagination"
    itemsCountPerPage={25}
    lastPageText="»"
    nextPageText="⟩"
    onChange={[Function]}
    pageRangeDisplayed={3}
    prevPageText="⟨"
    totalItemsCount={100}
  />
</div>
`;

exports[`Pagination renders correctly 2`] = `""`;
